// Jest Snapshot v1, https://goo.gl/fbAQLP

exports[`test adds 1 + 2 to equal 3: test 1`] = `57`;
